[23:16:20] [ServerMain/INFO]: Environment: Environment[sessionHost=https://sessionserver.mojang.com, servicesHost=https://api.minecraftservices.com, name=PROD]
[23:16:22] [ServerMain/INFO]: Loaded 1290 recipes
[23:16:22] [ServerMain/INFO]: Loaded 1399 advancements
[23:16:22] [Server thread/INFO]: Starting minecraft server version 1.21
[23:16:22] [Server thread/INFO]: Loading properties
[23:16:22] [Server thread/INFO]: Default game type: SURVIVAL
[23:16:22] [Server thread/INFO]: Generating keypair
[23:16:22] [Server thread/INFO]: Starting Minecraft server on *:25565
[23:16:23] [Server thread/INFO]: Using epoll channel type
[23:16:23] [Server thread/INFO]: Preparing level "world"
[23:16:25] [Server thread/INFO]: Preparing start region for dimension minecraft:overworld
[23:16:25] [Worker-Main-2/INFO]: Preparing spawn area: 0%
[23:16:26] [Server thread/INFO]: Time elapsed: 524 ms
[23:16:26] [Server thread/INFO]: Done (2.995s)! For help, type "help"
[23:17:44] [User Authenticator #1/INFO]: UUID of player Maximusgoxxd is 9c23f2bd-c73e-4b2b-a390-4ac34ca057f4
[23:17:46] [Server thread/INFO]: Maximusgoxxd[/127.81.173.164:41327] logged in with entity id 8 at (-161.96460188044486, 65.5, 110.5368592564315)
[23:17:47] [Server thread/INFO]: Maximusgoxxd joined the game
[23:17:57] [Server thread/INFO]: [Maximusgoxxd: Set the time to 1000]
[23:20:34] [Server thread/INFO]: [Maximusgoxxd: The game is frozen]
[23:20:44] [Server thread/INFO]: [Maximusgoxxd: The game is running normally]
[23:21:12] [Server thread/INFO]: [Maximusgoxxd: The game is frozen]
[23:21:14] [Server thread/INFO]: [Maximusgoxxd: The game is running normally]
[23:21:15] [Server thread/INFO]: [Maximusgoxxd: The game is frozen]
[23:23:14] [Server thread/INFO]: [Maximusgoxxd: The game is running normally]
[23:23:22] [Server thread/INFO]: [Maximusgoxxd: The game is frozen]
[23:25:48] [Server thread/INFO]: [Maximusgoxxd: The game is running normally]
[23:27:10] [Server thread/INFO]: Maximusgoxxd has made the advancement [Take Aim]
[23:27:47] [Server thread/INFO]: [Maximusgoxxd: The game is frozen]
[23:28:51] [Server thread/INFO]: [Maximusgoxxd: The game is running normally]
[23:28:55] [Server thread/INFO]: [Maximusgoxxd: The game is frozen]
[23:29:27] [Server thread/INFO]: [Maximusgoxxd: The game is running normally]
[23:30:39] [Server thread/INFO]: [Maximusgoxxd: The game is frozen]
[23:30:41] [Server thread/INFO]: [Maximusgoxxd: The game is running normally]
[23:31:00] [Server thread/INFO]: [Maximusgoxxd: The game is frozen]
[23:32:51] [Server thread/INFO]: [Maximusgoxxd: The game is running normally]
[23:34:25] [Server thread/INFO]: [Maximusgoxxd: Teleported 317 entities to Maximusgoxxd]
[23:34:36] [Server thread/INFO]: [Maximusgoxxd: Teleported 288 entities to Maximusgoxxd]
[23:34:40] [Server thread/INFO]: [Maximusgoxxd: Teleported 251 entities to Maximusgoxxd]
[23:34:45] [Server thread/INFO]: [Maximusgoxxd: Teleported 218 entities to Maximusgoxxd]
